<html>
<body>
<pre>
<h1>µVision Build Log</h1>
<h2>Tool Versions:</h2>
IDE-Version: µVision V5.18.0.0
Copyright (C) 2016 ARM Ltd and ARM Germany GmbH. All rights reserved.
License Information: M L, L, LIC=BUURY-IHN0L-RAXDM-XRTSU-PQ16W-VQ02Z
 
Tool Versions:
Toolchain:       MDK-ARM Standard  Version: 5.18
Toolchain Path:  C:\Software\MDK\ARM\ARMCC\Bin
C Compiler:      Armcc.exe V5.06 update 1 (build 61)
Assembler:       Armasm.exe V5.06 update 1 (build 61)
Linker/Locator:  ArmLink.exe V5.06 update 1 (build 61)
Library Manager: ArmAr.exe V5.06 update 1 (build 61)
Hex Converter:   FromElf.exe V5.06 update 1 (build 61)
CPU DLL:         SARMCM3.DLL V5.18
Dialog DLL:      DCM.DLL V1.13.6.0
Target DLL:      CMSIS_AGDI.dll V1.25.7.0
Dialog DLL:      TCM.DLL V1.14.8.0
 
<h2>Project:</h2>
C:\code\STM32\STM32F103R8\0-LibraryTemplate\project.uvprojx
Project File Date:  03/06/2024

<h2>Output:</h2>
*** Using Compiler 'V5.06 update 1 (build 61)', folder: 'C:\Software\MDK\ARM\ARMCC\Bin'
Build target 'STM32F103R8'
assembling startup_stm32f10x_md.s...
compiling AD.c...
compiling BCD.c...
compiling DMA_.c...
compiling ExtTimer.c...
compiling IC.c...
compiling IntTimer.c...
compiling PWMI.c...
compiling PWM.c...
compiling USART.c...
compiling Buzzer.c...
compiling CountSensor.c...
compiling Encoder.c...
compiling LED.c...
compiling Key.c...
compiling LightSensor.c...
compiling Motor.c...
compiling OLED.c...
compiling Servo.c...
compiling TIMEncoder.c...
compiling Relay.c...
compiling DHT11.c...
compiling W25Q16.c...
compiling main.c...
linking...
Program Size: Code=3976 RO-data=1788 RW-data=48 ZI-data=1024  
FromELF: creating hex file...
".\Objects\project.axf" - 0 Error(s), 0 Warning(s).

<h2>Collection of Component include folders:</h2>
  C:\code\STM32\STM32F103R8\0-LibraryTemplate\RTE
  C:\Software\MDK\ARM\PACK\Keil\STM32F1xx_DFP\1.0.5\Device\Include

<h2>Collection of Component Files used:</h2>
Build Time Elapsed:  00:00:05
</pre>
</body>
</html>
